2021/03/09 20:30:16 Attempt 1 of http call to http://10.0.0.6:16384/sendlogstoartifacts/info
2021/03/09 20:30:16 Attempt 1 of http call to http://10.0.0.6:16384/sendlogstoartifacts/status
[2021-03-09T20:30:17.420795] Entering context manager injector.
[context_manager_injector.py] Command line Options: Namespace(inject=['ProjectPythonPath:context_managers.ProjectPythonPath', 'RunHistory:context_managers.RunHistory', 'TrackUserError:context_managers.TrackUserError'], invocation=['train.py', '--C', '0.2807135963331051', '--l1_ratio', '0.1321055992494372', '--max_iter', '25'])
Script type = None
Starting the daemon thread to refresh tokens in background for process with pid = 115
[2021-03-09T20:30:18.787454] Entering Run History Context Manager.
[2021-03-09T20:30:20.080727] Current directory: /mnt/batch/tasks/shared/LS_root/jobs/quick-starts-ws-140121/azureml/hd_03d9950c-f1e6-465f-8379-91412034c23e_2/mounts/workspaceblobstore/azureml/HD_03d9950c-f1e6-465f-8379-91412034c23e_2
[2021-03-09T20:30:20.081061] Preparing to call script [train.py] with arguments:['--C', '0.2807135963331051', '--l1_ratio', '0.1321055992494372', '--max_iter', '25']
[2021-03-09T20:30:20.081144] After variable expansion, calling script [train.py] with arguments:['--C', '0.2807135963331051', '--l1_ratio', '0.1321055992494372', '--max_iter', '25']

2021/03/09 20:30:21 Not exporting to RunHistory as the exporter is either stopped or there is no data.
Stopped: false
OriginalData: 1
FilteredData: 0.
Performing interactive authentication. Please follow the instructions on the terminal.
To sign in, use a web browser to open the page https://microsoft.com/devicelogin and enter the code AXRLQ8E9U to authenticate.
Starting the daemon thread to refresh tokens in background for process with pid = 115


[2021-03-09T20:45:38.479545] The experiment failed. Finalizing run...
Cleaning up all outstanding Run operations, waiting 900.0 seconds
1 items cleaning up...
Cleanup took 0.06602907180786133 seconds
[2021-03-09T20:45:38.712941] Logging warning in history service: ERROR:: RunHistoryFinalization  failed. . Exception Details:Traceback (most recent call last):
  File "/opt/miniconda/lib/python3.6/site-packages/azureml/_base_sdk_common/common.py", line 579, in perform_interactive_login
    use_cert_sn_issuer=use_cert_sn_issuer)
  File "/opt/miniconda/lib/python3.6/site-packages/azureml/_vendor/azure_cli_core/_profile.py", line 228, in find_subscriptions_on_login
    tenant, self._ad_resource_uri)
  File "/opt/miniconda/lib/python3.6/site-packages/azureml/_vendor/azure_cli_core/_profile.py", line 786, in find_through_interactive_flow
    token_entry = context.acquire_token_with_device_code(resource, code, _CLIENT_ID)
  File "/opt/miniconda/lib/python3.6/site-packages/adal/authentication_context.py", line 311, in acquire_token_with_device_code
    return self._acquire_token(token_func, user_code_info.get('correlation_id', None))
  File "/opt/miniconda/lib/python3.6/site-packages/adal/authentication_context.py", line 128, in _acquire_token
    return token_func(self)
  File "/opt/miniconda/lib/python3.6/site-packages/adal/authentication_context.py", line 304, in token_func
    token = token_request.get_token_with_device_code(user_code_info)
  File "/opt/miniconda/lib/python3.6/site-packages/adal/token_request.py", line 392, in get_token_with_device_code
    token = client.get_token_with_polling(oauth_parameters, interval, expires_in)
  File "/opt/miniconda/lib/python3.6/site-packages/adal/oauth2_client.py", line 362, in get_token_with_polling
    wire_response)
adal.adal_error.AdalError: Unexpected polling state code_expired

During handling of the above exception, another exception occurred:

Traceback (most recent call last):
  File "/mnt/batch/tasks/shared/LS_root/jobs/quick-starts-ws-140121/azureml/hd_03d9950c-f1e6-465f-8379-91412034c23e_2/mounts/workspaceblobstore/azureml/HD_03d9950c-f1e6-465f-8379-91412034c23e_2/azureml-setup/context_manager_injector.py", line 224, in execute_with_context
    runpy.run_path(sys.argv[0], globals(), run_name="__main__")
  File "/opt/miniconda/lib/python3.6/runpy.py", line 263, in run_path
    pkg_name=pkg_name, script_name=fname)
  File "/opt/miniconda/lib/python3.6/runpy.py", line 96, in _run_module_code
    mod_name, mod_spec, pkg_name, script_name)
  File "/opt/miniconda/lib/python3.6/runpy.py", line 85, in _run_code
    exec(code, run_globals)
  File "train.py", line 56, in <module>
    workspace = Workspace(subscription_id, resource_group, workspace_name)
  File "/opt/miniconda/lib/python3.6/site-packages/azureml/core/workspace.py", line 178, in __init__
    auth = InteractiveLoginAuthentication()
  File "/opt/miniconda/lib/python3.6/site-packages/azureml/core/authentication.py", line 414, in __init__
    perform_interactive_login(tenant=tenant_id, cloud_type=self._cloud_type)
  File "/opt/miniconda/lib/python3.6/site-packages/azureml/_base_sdk_common/common.py", line 589, in perform_interactive_login
    raise AuthenticationException(err)
azureml.exceptions._azureml_exception.AuthenticationException: <unprintable AuthenticationException object>

During handling of the above exception, another exception occurred:

Traceback (most recent call last):
  File "/mnt/batch/tasks/shared/LS_root/jobs/quick-starts-ws-140121/azureml/hd_03d9950c-f1e6-465f-8379-91412034c23e_2/mounts/workspaceblobstore/azureml/HD_03d9950c-f1e6-465f-8379-91412034c23e_2/azureml-setup/context_manager_injector.py", line 253, in execute_with_context
    raise UserScriptException(baseEx).with_traceback(exceptionInfo[2])
  File "/mnt/batch/tasks/shared/LS_root/jobs/quick-starts-ws-140121/azureml/hd_03d9950c-f1e6-465f-8379-91412034c23e_2/mounts/workspaceblobstore/azureml/HD_03d9950c-f1e6-465f-8379-91412034c23e_2/azureml-setup/context_manager_injector.py", line 224, in execute_with_context
    runpy.run_path(sys.argv[0], globals(), run_name="__main__")
  File "/opt/miniconda/lib/python3.6/runpy.py", line 263, in run_path
    pkg_name=pkg_name, script_name=fname)
  File "/opt/miniconda/lib/python3.6/runpy.py", line 96, in _run_module_code
    mod_name, mod_spec, pkg_name, script_name)
  File "/opt/miniconda/lib/python3.6/runpy.py", line 85, in _run_code
    exec(code, run_globals)
  File "train.py", line 56, in <module>
    workspace = Workspace(subscription_id, resource_group, workspace_name)
  File "/opt/miniconda/lib/python3.6/site-packages/azureml/core/workspace.py", line 178, in __init__
    auth = InteractiveLoginAuthentication()
  File "/opt/miniconda/lib/python3.6/site-packages/azureml/core/authentication.py", line 414, in __init__
    perform_interactive_login(tenant=tenant_id, cloud_type=self._cloud_type)
  File "/opt/miniconda/lib/python3.6/site-packages/azureml/_base_sdk_common/common.py", line 589, in perform_interactive_login
    raise AuthenticationException(err)
UserScriptException: <unprintable UserScriptException object>

During handling of the above exception, another exception occurred:

Traceback (most recent call last):
  File "/mnt/batch/tasks/shared/LS_root/jobs/quick-starts-ws-140121/azureml/hd_03d9950c-f1e6-465f-8379-91412034c23e_2/mounts/workspaceblobstore/azureml/HD_03d9950c-f1e6-465f-8379-91412034c23e_2/azureml-setup/context_managers.py", line 372, in __exit__
    self.history_context.__exit__(*args)
  File "/opt/miniconda/lib/python3.6/site-packages/azureml/_history/utils/context_managers.py", line 56, in __exit__
    return self._exit_stack.__exit__(*args)
  File "/opt/miniconda/lib/python3.6/contextlib.py", line 380, in __exit__
    raise exc_details[1]
  File "/opt/miniconda/lib/python3.6/contextlib.py", line 365, in __exit__
    if cb(*exc_details):
  File "/opt/miniconda/lib/python3.6/contextlib.py", line 284, in _exit_wrapper
    return cm_exit(cm, *exc_details)
  File "/opt/miniconda/lib/python3.6/site-packages/azureml/_history/utils/log_scope.py", line 30, in __exit__
    self._logger.error("{0}: {1}\n{2}".format(etype, value, traceback))
  File "/opt/miniconda/lib/python3.6/site-packages/azureml/_common/exceptions.py", line 116, in __str__
    return self.__repr__()
  File "/opt/miniconda/lib/python3.6/site-packages/azureml/_common/exceptions.py", line 112, in __repr__
    self._serialize_json(indent=4))
  File "/opt/miniconda/lib/python3.6/site-packages/azureml/_common/exceptions.py", line 183, in _serialize_json
    return json.dumps(error_ret, indent=indent)
  File "/opt/miniconda/lib/python3.6/json/__init__.py", line 238, in dumps
    **kw).encode(obj)
  File "/opt/miniconda/lib/python3.6/json/encoder.py", line 201, in encode
    chunks = list(chunks)
  File "/opt/miniconda/lib/python3.6/json/encoder.py", line 430, in _iterencode
    yield from _iterencode_dict(o, _current_indent_level)
  File "/opt/miniconda/lib/python3.6/json/encoder.py", line 404, in _iterencode_dict
    yield from chunks
  File "/opt/miniconda/lib/python3.6/json/encoder.py", line 404, in _iterencode_dict
    yield from chunks
  File "/opt/miniconda/lib/python3.6/json/encoder.py", line 437, in _iterencode
    o = _default(o)
  File "/opt/miniconda/lib/python3.6/json/encoder.py", line 180, in default
    o.__class__.__name__)
TypeError: Object of type 'AdalError' is not JSON serializable

Starting the daemon thread to refresh tokens in background for process with pid = 115
[2021-03-09T20:45:38.790315] Writing error with error_code ServiceError to hosttool error file located at /mnt/batch/tasks/workitems/5e003845-73b0-4d83-bf74-d6f4e49a50f9/job-1/hd_03d9950c-f1e6-465_2782e466-bf77-49f7-b017-81f985e3620f/wd/runTaskLetTask_error.json
Traceback (most recent call last):
  File "/opt/miniconda/lib/python3.6/site-packages/azureml/_base_sdk_common/common.py", line 579, in perform_interactive_login
    use_cert_sn_issuer=use_cert_sn_issuer)
  File "/opt/miniconda/lib/python3.6/site-packages/azureml/_vendor/azure_cli_core/_profile.py", line 228, in find_subscriptions_on_login
    tenant, self._ad_resource_uri)
  File "/opt/miniconda/lib/python3.6/site-packages/azureml/_vendor/azure_cli_core/_profile.py", line 786, in find_through_interactive_flow
    token_entry = context.acquire_token_with_device_code(resource, code, _CLIENT_ID)
  File "/opt/miniconda/lib/python3.6/site-packages/adal/authentication_context.py", line 311, in acquire_token_with_device_code
    return self._acquire_token(token_func, user_code_info.get('correlation_id', None))
  File "/opt/miniconda/lib/python3.6/site-packages/adal/authentication_context.py", line 128, in _acquire_token
    return token_func(self)
  File "/opt/miniconda/lib/python3.6/site-packages/adal/authentication_context.py", line 304, in token_func
    token = token_request.get_token_with_device_code(user_code_info)
  File "/opt/miniconda/lib/python3.6/site-packages/adal/token_request.py", line 392, in get_token_with_device_code
    token = client.get_token_with_polling(oauth_parameters, interval, expires_in)
  File "/opt/miniconda/lib/python3.6/site-packages/adal/oauth2_client.py", line 362, in get_token_with_polling
    wire_response)
adal.adal_error.AdalError: Unexpected polling state code_expired

During handling of the above exception, another exception occurred:

Traceback (most recent call last):
  File "/mnt/batch/tasks/shared/LS_root/jobs/quick-starts-ws-140121/azureml/hd_03d9950c-f1e6-465f-8379-91412034c23e_2/mounts/workspaceblobstore/azureml/HD_03d9950c-f1e6-465f-8379-91412034c23e_2/azureml-setup/context_manager_injector.py", line 224, in execute_with_context
    runpy.run_path(sys.argv[0], globals(), run_name="__main__")
  File "/opt/miniconda/lib/python3.6/runpy.py", line 263, in run_path
    pkg_name=pkg_name, script_name=fname)
  File "/opt/miniconda/lib/python3.6/runpy.py", line 96, in _run_module_code
    mod_name, mod_spec, pkg_name, script_name)
  File "/opt/miniconda/lib/python3.6/runpy.py", line 85, in _run_code
    exec(code, run_globals)
  File "train.py", line 56, in <module>
    workspace = Workspace(subscription_id, resource_group, workspace_name)
  File "/opt/miniconda/lib/python3.6/site-packages/azureml/core/workspace.py", line 178, in __init__
    auth = InteractiveLoginAuthentication()
  File "/opt/miniconda/lib/python3.6/site-packages/azureml/core/authentication.py", line 414, in __init__
    perform_interactive_login(tenant=tenant_id, cloud_type=self._cloud_type)
  File "/opt/miniconda/lib/python3.6/site-packages/azureml/_base_sdk_common/common.py", line 589, in perform_interactive_login
    raise AuthenticationException(err)
azureml.exceptions._azureml_exception.AuthenticationException: <unprintable AuthenticationException object>

During handling of the above exception, another exception occurred:

Traceback (most recent call last):
  File "/mnt/batch/tasks/shared/LS_root/jobs/quick-starts-ws-140121/azureml/hd_03d9950c-f1e6-465f-8379-91412034c23e_2/mounts/workspaceblobstore/azureml/HD_03d9950c-f1e6-465f-8379-91412034c23e_2/azureml-setup/context_manager_injector.py", line 253, in execute_with_context
    raise UserScriptException(baseEx).with_traceback(exceptionInfo[2])
  File "/mnt/batch/tasks/shared/LS_root/jobs/quick-starts-ws-140121/azureml/hd_03d9950c-f1e6-465f-8379-91412034c23e_2/mounts/workspaceblobstore/azureml/HD_03d9950c-f1e6-465f-8379-91412034c23e_2/azureml-setup/context_manager_injector.py", line 224, in execute_with_context
    runpy.run_path(sys.argv[0], globals(), run_name="__main__")
  File "/opt/miniconda/lib/python3.6/runpy.py", line 263, in run_path
    pkg_name=pkg_name, script_name=fname)
  File "/opt/miniconda/lib/python3.6/runpy.py", line 96, in _run_module_code
    mod_name, mod_spec, pkg_name, script_name)
  File "/opt/miniconda/lib/python3.6/runpy.py", line 85, in _run_code
    exec(code, run_globals)
  File "train.py", line 56, in <module>
    workspace = Workspace(subscription_id, resource_group, workspace_name)
  File "/opt/miniconda/lib/python3.6/site-packages/azureml/core/workspace.py", line 178, in __init__
    auth = InteractiveLoginAuthentication()
  File "/opt/miniconda/lib/python3.6/site-packages/azureml/core/authentication.py", line 414, in __init__
    perform_interactive_login(tenant=tenant_id, cloud_type=self._cloud_type)
  File "/opt/miniconda/lib/python3.6/site-packages/azureml/_base_sdk_common/common.py", line 589, in perform_interactive_login
    raise AuthenticationException(err)
UserScriptException: <unprintable UserScriptException object>

During handling of the above exception, another exception occurred:

Traceback (most recent call last):
  File "train.py", line 56, in <module>
    workspace = Workspace(subscription_id, resource_group, workspace_name)
  File "/opt/miniconda/lib/python3.6/site-packages/azureml/core/workspace.py", line 178, in __init__
    auth = InteractiveLoginAuthentication()
  File "/opt/miniconda/lib/python3.6/site-packages/azureml/core/authentication.py", line 414, in __init__
    perform_interactive_login(tenant=tenant_id, cloud_type=self._cloud_type)
  File "/opt/miniconda/lib/python3.6/site-packages/azureml/_base_sdk_common/common.py", line 589, in perform_interactive_login
    raise AuthenticationException(err)
UserScriptException: <unprintable UserScriptException object>

During handling of the above exception, another exception occurred:

Traceback (most recent call last):
  File "/mnt/batch/tasks/shared/LS_root/jobs/quick-starts-ws-140121/azureml/hd_03d9950c-f1e6-465f-8379-91412034c23e_2/mounts/workspaceblobstore/azureml/HD_03d9950c-f1e6-465f-8379-91412034c23e_2/azureml-setup/context_manager_injector.py", line 437, in <module>
    execute_with_context(cm_objects, options.invocation)
  File "/mnt/batch/tasks/shared/LS_root/jobs/quick-starts-ws-140121/azureml/hd_03d9950c-f1e6-465f-8379-91412034c23e_2/mounts/workspaceblobstore/azureml/HD_03d9950c-f1e6-465f-8379-91412034c23e_2/azureml-setup/context_manager_injector.py", line 278, in execute_with_context
    print("Error occurred when setting run status to Finalizing: {}".format(ex))
  File "/mnt/batch/tasks/shared/LS_root/jobs/quick-starts-ws-140121/azureml/hd_03d9950c-f1e6-465f-8379-91412034c23e_2/mounts/workspaceblobstore/azureml/HD_03d9950c-f1e6-465f-8379-91412034c23e_2/azureml-setup/_vendor_contextlib2.py", line 393, in __exit__
    _reraise_with_existing_context(exc_details)
  File "/mnt/batch/tasks/shared/LS_root/jobs/quick-starts-ws-140121/azureml/hd_03d9950c-f1e6-465f-8379-91412034c23e_2/mounts/workspaceblobstore/azureml/HD_03d9950c-f1e6-465f-8379-91412034c23e_2/azureml-setup/_vendor_contextlib2.py", line 261, in _reraise_with_existing_context
    raise exc_details[1]
  File "/mnt/batch/tasks/shared/LS_root/jobs/quick-starts-ws-140121/azureml/hd_03d9950c-f1e6-465f-8379-91412034c23e_2/mounts/workspaceblobstore/azureml/HD_03d9950c-f1e6-465f-8379-91412034c23e_2/azureml-setup/_vendor_contextlib2.py", line 382, in __exit__
    if cb(*exc_details):
  File "/mnt/batch/tasks/shared/LS_root/jobs/quick-starts-ws-140121/azureml/hd_03d9950c-f1e6-465f-8379-91412034c23e_2/mounts/workspaceblobstore/azureml/HD_03d9950c-f1e6-465f-8379-91412034c23e_2/azureml-setup/_vendor_contextlib2.py", line 314, in _exit_wrapper
    return cm_exit(cm, *exc_details)
  File "/mnt/batch/tasks/shared/LS_root/jobs/quick-starts-ws-140121/azureml/hd_03d9950c-f1e6-465f-8379-91412034c23e_2/mounts/workspaceblobstore/azureml/HD_03d9950c-f1e6-465f-8379-91412034c23e_2/azureml-setup/context_manager_injector.py", line 80, in __exit__
    self.context_manager.__exit__(*exc_details)
  File "/mnt/batch/tasks/shared/LS_root/jobs/quick-starts-ws-140121/azureml/hd_03d9950c-f1e6-465f-8379-91412034c23e_2/mounts/workspaceblobstore/azureml/HD_03d9950c-f1e6-465f-8379-91412034c23e_2/azureml-setup/context_managers.py", line 372, in __exit__
    self.history_context.__exit__(*args)
  File "/opt/miniconda/lib/python3.6/site-packages/azureml/_history/utils/context_managers.py", line 56, in __exit__
    return self._exit_stack.__exit__(*args)
  File "/opt/miniconda/lib/python3.6/contextlib.py", line 380, in __exit__
    raise exc_details[1]
  File "/opt/miniconda/lib/python3.6/contextlib.py", line 365, in __exit__
    if cb(*exc_details):
  File "/opt/miniconda/lib/python3.6/contextlib.py", line 284, in _exit_wrapper
    return cm_exit(cm, *exc_details)
  File "/opt/miniconda/lib/python3.6/site-packages/azureml/_history/utils/log_scope.py", line 30, in __exit__
    self._logger.error("{0}: {1}\n{2}".format(etype, value, traceback))
  File "/opt/miniconda/lib/python3.6/site-packages/azureml/_common/exceptions.py", line 116, in __str__
    return self.__repr__()
  File "/opt/miniconda/lib/python3.6/site-packages/azureml/_common/exceptions.py", line 112, in __repr__
    self._serialize_json(indent=4))
  File "/opt/miniconda/lib/python3.6/site-packages/azureml/_common/exceptions.py", line 183, in _serialize_json
    return json.dumps(error_ret, indent=indent)
  File "/opt/miniconda/lib/python3.6/json/__init__.py", line 238, in dumps
    **kw).encode(obj)
  File "/opt/miniconda/lib/python3.6/json/encoder.py", line 201, in encode
    chunks = list(chunks)
  File "/opt/miniconda/lib/python3.6/json/encoder.py", line 430, in _iterencode
    yield from _iterencode_dict(o, _current_indent_level)
  File "/opt/miniconda/lib/python3.6/json/encoder.py", line 404, in _iterencode_dict
    yield from chunks
  File "/opt/miniconda/lib/python3.6/json/encoder.py", line 404, in _iterencode_dict
    yield from chunks
  File "/opt/miniconda/lib/python3.6/json/encoder.py", line 437, in _iterencode
    o = _default(o)
  File "/opt/miniconda/lib/python3.6/json/encoder.py", line 180, in default
    o.__class__.__name__)
TypeError: Object of type 'AdalError' is not JSON serializable

[2021-03-09T20:45:38.868875] Finished context manager injector with Exception.
Exception in thread Thread-1:
Traceback (most recent call last):
  File "/opt/miniconda/lib/python3.6/threading.py", line 916, in _bootstrap_inner
    self.run()
  File "/opt/miniconda/lib/python3.6/threading.py", line 864, in run
    self._target(*self._args, **self._kwargs)
  File "/mnt/batch/tasks/shared/LS_root/jobs/quick-starts-ws-140121/azureml/hd_03d9950c-f1e6-465f-8379-91412034c23e_2/mounts/workspaceblobstore/azureml/HD_03d9950c-f1e6-465f-8379-91412034c23e_2/azureml-setup/_tracing.py", line 687, in worker
    max_flush_interval, last_flushed, logger)
  File "/mnt/batch/tasks/shared/LS_root/jobs/quick-starts-ws-140121/azureml/hd_03d9950c-f1e6-465f-8379-91412034c23e_2/mounts/workspaceblobstore/azureml/HD_03d9950c-f1e6-465f-8379-91412034c23e_2/azureml-setup/_tracing.py", line 734, in flush
    flush_internal()
  File "/mnt/batch/tasks/shared/LS_root/jobs/quick-starts-ws-140121/azureml/hd_03d9950c-f1e6-465f-8379-91412034c23e_2/mounts/workspaceblobstore/azureml/HD_03d9950c-f1e6-465f-8379-91412034c23e_2/azureml-setup/_tracing.py", line 723, in flush_internal
    RunHistoryExporter._retry(make_req, 'Export Spans', logger)
  File "/mnt/batch/tasks/shared/LS_root/jobs/quick-starts-ws-140121/azureml/hd_03d9950c-f1e6-465f-8379-91412034c23e_2/mounts/workspaceblobstore/azureml/HD_03d9950c-f1e6-465f-8379-91412034c23e_2/azureml-setup/_tracing.py", line 785, in _retry
    return func()
  File "/mnt/batch/tasks/shared/LS_root/jobs/quick-starts-ws-140121/azureml/hd_03d9950c-f1e6-465f-8379-91412034c23e_2/mounts/workspaceblobstore/azureml/HD_03d9950c-f1e6-465f-8379-91412034c23e_2/azureml-setup/_tracing.py", line 711, in make_req
    req = request.Request(url, data=json.dumps(payload).encode(), headers=headers, method='POST')
  File "/opt/miniconda/lib/python3.6/json/__init__.py", line 231, in dumps
    return _default_encoder.encode(obj)
  File "/opt/miniconda/lib/python3.6/json/encoder.py", line 199, in encode
    chunks = self.iterencode(o, _one_shot=True)
  File "/opt/miniconda/lib/python3.6/json/encoder.py", line 257, in iterencode
    return _iterencode(o, 0)
  File "/opt/miniconda/lib/python3.6/json/encoder.py", line 180, in default
    o.__class__.__name__)
TypeError: Object of type 'AdalError' is not JSON serializable

2021/03/09 20:45:40 Succeeded to parse control script error: /mnt/batch/tasks/workitems/5e003845-73b0-4d83-bf74-d6f4e49a50f9/job-1/hd_03d9950c-f1e6-465_2782e466-bf77-49f7-b017-81f985e3620f/wd/runTaskLetTask_error.json to json
2021/03/09 20:45:40 Failed to run the wrapper cmd with err: exit status 1
2021/03/09 20:45:40 Attempt 1 of http call to http://10.0.0.6:16384/sendlogstoartifacts/status
2021/03/09 20:45:40 mpirun version string: {
Intel(R) MPI Library for Linux* OS, Version 2018 Update 3 Build 20180411 (id: 18329)
Copyright 2003-2018 Intel Corporation.
}
2021/03/09 20:45:40 MPI publisher: intel ; version: 2018
2021/03/09 20:45:40 Not exporting to RunHistory as the exporter is either stopped or there is no data.
Stopped: false
OriginalData: 2
FilteredData: 0.
2021/03/09 20:45:40 Process Exiting with Code:  1
